[seguroatendimento.fun/facil/up4/index.html]
[seguroatendimento.fun/facil/up4/js/latest.js]
[backblue.gif]
[fade.gif]
[index.html]
[cdn.utmify.com.br/scripts/pixel/pixel.js]
[seguroatendimento.fun/facil/up4/css/elementor-icons.min.css@ver=5.30.0.css]
[seguroatendimento.fun/facil/up4/css/frontend-lite.min.css@ver=3.23.2.css]
[seguroatendimento.fun/facil/up4/css/swiper.min.css@ver=8.4.5.css]
[seguroatendimento.fun/facil/up4/css/post-5.css@ver=1721846116.css]
[seguroatendimento.fun/facil/up4/css/frontend-lite.min.css@ver=3.7.3.css]
[seguroatendimento.fun/facil/up4/css/global.css@ver=1721846124.css]
[seguroatendimento.fun/facil/up4/css/post-74.css@ver=1721869524.css]
[seguroatendimento.fun/facil/up4/index-2.html]
[seguroatendimento.fun/facil/up4/fonts/Inter-VariableFont_slnt,wght.woff2]
[seguroatendimento.fun/facil/up4/fonts/cardo_normal_400.woff2]
[seguroatendimento.fun/facil/up4/fonts/cardo_italic_400.woff2]
[seguroatendimento.fun/facil/up4/fonts/cardo_normal_700.woff2]
[seguroatendimento.fun/facil/up4/POST]
[seguroatendimento.fun/facil/up4/images/WnD0DU7zK9BZKfdhhqrzIGIMtShJAJ0L17NHdhRT.png]
[seguroatendimento.fun/facil/up4/images/66737-f7936d2620ade6a3786fb947d8b5268b.png]
[seguroatendimento.fun/cdn-cgi/scripts/email-decode.min.js-cb/cloudflare-static/email-decode.min.js]
[seguroatendimento.fun/facil/up4/webpack-pro.runtime.min.js@ver=3.7.3.html]
[seguroatendimento.fun/facil/up4/webpack.runtime.min.js@ver=3.23.2.html]
[seguroatendimento.fun/facil/up4/jquery.min.js@ver=3.7.1.html]
[seguroatendimento.fun/facil/up4/jquery-migrate.min.js@ver=3.4.1.html]
[seguroatendimento.fun/facil/up4/frontend-modules.min.js@ver=3.23.2.html]
[seguroatendimento.fun/facil/up4/hooks.min.js@ver=2810c76e705dd1a53b18.html]
[seguroatendimento.fun/facil/up4/i18n.min.js@ver=5e580eb46a90c2b997e6.html]
[seguroatendimento.fun/facil/up4/frontend.min.js@ver=3.7.3.html]
[seguroatendimento.fun/facil/up4/waypoints.min.js@ver=4.0.2.html]
[seguroatendimento.fun/facil/up4/core.min.js@ver=1.13.3.html]
[seguroatendimento.fun/facil/up4/frontend.min.js@ver=3.23.2.html]
[seguroatendimento.fun/facil/up4/index.html]
[seguroatendimento.fun/facil/up4/preloaded-elements-handlers.min.js@ver=3.7.3.html]
[seguroatendimento.fun/facil/up4/wa.me]
[seguroatendimento.fun/facil/up4/js/latest.js]
[seguroatendimento.fun/facil/up4/eicons.eot@5.30.0.html]
[seguroatendimento.fun/facil/up4/eicons.woff2@5.30.0.html]
[seguroatendimento.fun/facil/up4/eicons.woff@5.30.0.html]
[seguroatendimento.fun/facil/up4/eicons.ttf@5.30.0.html]
[seguroatendimento.fun/facil/up4/css/elementor-icons.min.css@ver=5.30.0.css]
[seguroatendimento.fun/facil/up4/css/frontend-lite.min.css@ver=3.23.2.css]
[seguroatendimento.fun/facil/up4/css/swiper.min.css@ver=8.4.5.css]
[seguroatendimento.fun/facil/up4/css/post-5.css@ver=1721846116.css]
[seguroatendimento.fun/facil/up4/css/frontend-lite.min.css@ver=3.7.3.css]
[seguroatendimento.fun/facil/up4/css/global.css@ver=1721846124.css]
[seguroatendimento.fun/facil/up4/css/post-74.css@ver=1721869524.css]
[seguroatendimento.fun/facil/up4/index-2.html]
[seguroatendimento.fun/facil/up4/POST.html]
[seguroatendimento.fun/cdn-cgi/scripts/email-decode.min.js-cb/cloudflare-static/email-decode.min.html]
[seguroatendimento.fun/facil/up4/webpack-pro.runtime.min.js@ver=3.7.3.html]
[seguroatendimento.fun/facil/up4/webpack.runtime.min.js@ver=3.23.2.html]
[seguroatendimento.fun/facil/up4/eicons.svg@5.30.0.html]
[seguroatendimento.fun/facil/up4/jquery.min.js@ver=3.7.1-2.html]
[seguroatendimento.fun/facil/up4/jquery.min.js@ver=3.7.1.html]
[seguroatendimento.fun/facil/up4/jquery-migrate.min.js@ver=3.4.1.html]
[seguroatendimento.fun/facil/up4/frontend-modules.min.js@ver=3.23.2.html]
[seguroatendimento.fun/facil/up4/hooks.min.js@ver=2810c76e705dd1a53b18.html]
[seguroatendimento.fun/facil/up4/i18n.min.js@ver=5e580eb46a90c2b997e6.html]
[seguroatendimento.fun/facil/up4/frontend.min.js@ver=3.7.3.html]
[seguroatendimento.fun/facil/up4/waypoints.min.js@ver=4.0.2.html]
[seguroatendimento.fun/facil/up4/core.min.js@ver=1.13.3.html]
[seguroatendimento.fun/facil/up4/-negative.svg]
[seguroatendimento.fun/facil/up4/frontend.min.js@ver=3.23.2.html]
[seguroatendimento.fun/facil/up4/'+r+']
[seguroatendimento.fun/facil/up4/preloaded-elements-handlers.min.js@ver=3.7.3.html]
[seguroatendimento.fun/facil/up4/wa.html]
[seguroatendimento.fun/facil/up4/eicons.eot@5.30.0.html]
[seguroatendimento.fun/facil/up4/eicons.woff2@5.30.0.html]
[seguroatendimento.fun/facil/up4/eicons.woff@5.30.0.html]
[seguroatendimento.fun/facil/up4/eicons.ttf@5.30.0.html]
[seguroatendimento.fun/facil/up4/preloaded-elements-handlers.min.js@ver=3.7.3-2.html]
[seguroatendimento.fun/facil/up4/eicons.svg@5.30.0.html]
[seguroatendimento.fun/facil/up4/jquery.min.js@ver=3.7.1-2.html]
[seguroatendimento.fun/facil/up4/-negative.html]
[seguroatendimento.fun/facil/up4/'+r+'.html]
[seguroatendimento.fun/facil/up4/preloaded-elements-handlers.min.js@ver=3.7.3-2.html]
