[clickmoney.online/up4/index.html]
[backblue.gif]
[fade.gif]
[index.html]
[appcupomdaveez.site/wp-content/plugins/elementor/assets/css/frontend-lite.min93d8.css]
[appcupomdaveez.site/wp-content/plugins/elementor/assets/lib/swiper/v8/css/swiper.min94a4.css]
[appcupomdaveez.site/wp-content/uploads/elementor/css/post-10c501.css]
[appcupomdaveez.site/wp-content/uploads/elementor/css/global715f.css]
[appcupomdaveez.site/wp-content/uploads/elementor/css/post-63e798.css]
[i.ibb.co/WGv8ZNf/PREMIADO-2.png]
[appcupomdaveez.site/wp-content/uploads/2024/07/verified.gif]
[appcupomdaveez.site/wp-content/plugins/elementor/assets/js/webpack.runtime.min93d8.js]
[appcupomdaveez.site/wp-includes/js/jquery/jquery.minf43b.js]
[appcupomdaveez.site/wp-includes/js/jquery/jquery-migrate.min5589.js]
[appcupomdaveez.site/wp-content/plugins/elementor/assets/js/frontend-modules.min93d8.js]
[appcupomdaveez.site/wp-content/plugins/elementor/assets/lib/waypoints/waypoints.min05da.js]
[appcupomdaveez.site/wp-includes/js/jquery/ui/core.minb37e.js]
[appcupomdaveez.site/wp-content/plugins/elementor/assets/js/frontend.min93d8.js]
[clickmoney.online/up4/index.html]
[appcupomdaveez.site/wp-content/plugins/elementor/assets/css/frontend-lite.min93d8.css]
[appcupomdaveez.site/wp-content/plugins/elementor/assets/lib/swiper/v8/css/swiper.min94a4.css]
[appcupomdaveez.site/wp-content/uploads/elementor/css/post-10c501.css]
[appcupomdaveez.site/wp-content/uploads/elementor/css/global715f.css]
[appcupomdaveez.site/wp-content/uploads/elementor/css/post-63e798.css]
[appcupomdaveez.site/wp-content/plugins/elementor/assets/js/webpack.runtime.min93d8.js]
[appcupomdaveez.site/wp-includes/js/jquery/jquery.minf43b.js]
[appcupomdaveez.site/wp-includes/js/jquery/jquery-migrate.min5589.js]
[appcupomdaveez.site/wp-content/plugins/elementor/assets/js/frontend-modules.min93d8.js]
[appcupomdaveez.site/wp-content/plugins/elementor/assets/lib/waypoints/waypoints.min05da.js]
[appcupomdaveez.site/wp-includes/js/jquery/ui/core.minb37e.js]
[clickmoney.online/up4/-negative.e.delayed]
[appcupomdaveez.site/wp-content/plugins/elementor/assets/js/frontend.min93d8.js]
[clickmoney.online/up4/-negative.html]
[clickmoney.online/up4/OPR/index.html]
[clickmoney.online/up4/OPR/index.html]
