[emprestimosim.site/upsel-aumento/index.html]
[backblue.gif]
[fade.gif]
[index.html]
[cdn.utmify.com.br/scripts/pixel/pixel.js]
[cdn.utmify.com.br/scripts/utms/latest.js]
[scripts.converteai.net/150b7be5-d856-41d3-aa64-1e9e9b8e10a9/players/672cd6dbdf34da000bbc52f0/player.js]
[scripts.converteai.net/lib/js/smartplayer/v1/smartplayer.min.js]
[images.converteai.net/150b7be5-d856-41d3-aa64-1e9e9b8e10a9/players/672cd6dbdf34da000bbc52f0/thumbnail.jpg]
[emprestimosim.site/_nuxt/TopBar.2vF9lWx7.css]
[emprestimosim.site/_nuxt/Container.B5PP9_Vn.css]
[emprestimosim.site/_nuxt/CardTitle.D2C4NpE7.css]
[emprestimosim.site/_nuxt/CardSubTitle.DG_Fs8af.css]
[emprestimosim.site/_nuxt/PaymentCard.C5KDNUam.css]
[emprestimosim.site/_nuxt/Button.CTY08tZL.css]
[emprestimosim.site/_nuxt/LoadingText.BAPOmI7q.css]
[emprestimosim.site/_nuxt/Card.GBBMdh4F.css]
[emprestimosim.site/_nuxt/FaqItem.yXfMt8qC.css]
[emprestimosim.site/_nuxt/Ds3y3Bf3.js]
[emprestimosim.site/_nuxt/k9y74een.js]
[emprestimosim.site/_nuxt/Bo8ipC1T.js]
[emprestimosim.site/_nuxt/2aeojNjQ.js]
[emprestimosim.site/_nuxt/2TdE_QPC.js]
[emprestimosim.site/_nuxt/DTnGPJep.js]
[emprestimosim.site/_nuxt/B1xLFNhR.js]
[emprestimosim.site/_nuxt/CNxTVsKb.js]
[emprestimosim.site/_nuxt/BQBhJayI.js]
[emprestimosim.site/_nuxt/CV182wBC.js]
[emprestimosim.site/_nuxt/u-U6PqlP.js]
[emprestimosim.site/_nuxt/DIXVKuIp.js]
[emprestimosim.site/_nuxt/Bl1c_aD8.js]
[emprestimosim.site/_nuxt/DEF4dnCe.js]
[emprestimosim.site/_nuxt/sv4npInL.js]
[emprestimosim.site/_nuxt/B6VT0UWr.js]
[emprestimosim.site/_nuxt/MaghENf1.js]
[emprestimosim.site/_nuxt/BJRZzHYv.js]
[emprestimosim.site/_nuxt/BTyuqVSS.js]
[emprestimosim.site/_nuxt/DmqsTf9v.js]
[emprestimosim.site/_nuxt/J9e3dA3M.js]
[emprestimosim.site/_nuxt/D-UNq_Tu.js]
[emprestimosim.site/_nuxt/BGBp0rdz.js]
[emprestimosim.site/_nuxt/Wpn3EkJ-.js]
[emprestimosim.site/_nuxt/CKC6fHHG.js]
[emprestimosim.site/_nuxt/BhOEMyyX.js]
[emprestimosim.site/upsel-aumento/js/latest.js]
[emprestimosim.site/upsel-aumento/js/pixel.js]
[emprestimosim.site/upsel-aumento/js/player.js]
[emprestimosim.site/upsel-aumento/images/Crefisa.png]
[emprestimosim.site/upsel-aumento/images/Banco_Central_do_Brasil_logo-1.png]
[emprestimosim.site/upsel-aumento/index.html]
[emprestimosim.site/_nuxt/TopBar.2vF9lWx7.html]
[emprestimosim.site/_nuxt/Container.B5PP9_Vn.html]
[emprestimosim.site/_nuxt/CardTitle.D2C4NpE7.html]
[emprestimosim.site/_nuxt/CardSubTitle.DG_Fs8af.html]
[emprestimosim.site/_nuxt/PaymentCard.C5KDNUam.html]
[emprestimosim.site/_nuxt/Button.CTY08tZL.html]
[emprestimosim.site/_nuxt/LoadingText.BAPOmI7q.html]
[emprestimosim.site/_nuxt/Card.GBBMdh4F.html]
[emprestimosim.site/_nuxt/FaqItem.yXfMt8qC.html]
[emprestimosim.site/_nuxt/Ds3y3Bf3.html]
[emprestimosim.site/_nuxt/k9y74een.html]
[emprestimosim.site/_nuxt/Bo8ipC1T.html]
[emprestimosim.site/_nuxt/2aeojNjQ.html]
[emprestimosim.site/_nuxt/2TdE_QPC.html]
[emprestimosim.site/_nuxt/DTnGPJep.html]
[emprestimosim.site/_nuxt/B1xLFNhR.html]
[emprestimosim.site/_nuxt/CNxTVsKb.html]
[emprestimosim.site/_nuxt/BQBhJayI.html]
[emprestimosim.site/_nuxt/CV182wBC.html]
[emprestimosim.site/_nuxt/u-U6PqlP.html]
[emprestimosim.site/_nuxt/DIXVKuIp.html]
[emprestimosim.site/_nuxt/Bl1c_aD8.html]
[emprestimosim.site/_nuxt/DEF4dnCe.html]
[emprestimosim.site/_nuxt/sv4npInL.html]
[emprestimosim.site/_nuxt/B6VT0UWr.html]
[emprestimosim.site/_nuxt/MaghENf1.html]
[emprestimosim.site/_nuxt/BJRZzHYv.html]
[emprestimosim.site/_nuxt/BTyuqVSS.html]
[emprestimosim.site/_nuxt/DmqsTf9v.html]
[emprestimosim.site/_nuxt/J9e3dA3M.html]
[emprestimosim.site/_nuxt/D-UNq_Tu.html]
[emprestimosim.site/_nuxt/BGBp0rdz.html]
[emprestimosim.site/_nuxt/Wpn3EkJ-.html]
[emprestimosim.site/_nuxt/CKC6fHHG.html]
[emprestimosim.site/_nuxt/BhOEMyyX.html]
[emprestimosim.site/upsel-aumento/wa.2f.delayed]
[emprestimosim.site/upsel-aumento/js/latest.js]
[connect.facebook.net/en_US/fbevents.js]
[emprestimosim.site/upsel-aumento/js/pixel.js]
[emprestimosim.site/upsel-aumento/js/player.js]
[emprestimosim.site/upsel-aumento/wa.html]
[cdn.jsdelivr.net/npm/js-sha256/src/sha256.min.js]
[emprestimosim.site/upsel-aumento/js/a.32.delayed]
[emprestimosim.site/upsel-aumento/js/POST]
[emprestimosim.site/upsel-aumento/js/b.resolvedLink]
[emprestimosim.site/signals/iwl.js]
[connect.facebook.net/en_US/fbevents.js]
[unipay-br.org/_nuxt/12-fee.BCxcH5e_.css]
[emprestimosim.site/upsel-aumento/js/a.html]
[emprestimosim.site/upsel-aumento/js/POST.html]
[emprestimosim.site/upsel-aumento/js/schema.org/index.html]
[emprestimosim.site/upsel-aumento/js/schema.org/index.html]
[emprestimosim.site/upsel-aumento/js/b.html]
[emprestimosim.site/signals/iwl.html]
[unipay-br.org/_nuxt/default.fxhPcPvK.css]
